{
  "status": "BLOCKED",
  "reserve_gib": 50.0,
  "cleanup_successful_work": true,
  "estimate_class": "phase-specific planning bounds, not measured build peaks",
  "source_versions": {
    "python": "3.7.17",
    "llvm_lldb": "13.0.1",
    "cmake_ubuntu_16_04": "3.20.0"
  },
  "stage_rows": [
    {
      "stage": "driver-dependencies",
      "role_occupancy_gib": {
        "cache": 0.5,
        "logs": 0.1,
        "container": 0.75
      },
      "artifact_required_start_free_gib": 51.7,
      "container_required_start_free_gib": 54.75,
      "combined_required_start_free_gib": 56.45,
      "volume_status": {
        "artifact": {
          "free_gib": 64.06,
          "required_start_free_gib": 51.7,
          "status": "PASS"
        },
        "container": {
          "free_gib": 46.28,
          "required_start_free_gib": 54.75,
          "status": "BLOCKED"
        }
      }
    },
    {
      "stage": "prepare",
      "role_occupancy_gib": {
        "cache": 3.0,
        "logs": 0.1,
        "container": 1.0
      },
      "artifact_required_start_free_gib": 54.2,
      "container_required_start_free_gib": 55.0,
      "combined_required_start_free_gib": 59.2,
      "volume_status": {
        "artifact": {
          "free_gib": 64.06,
          "required_start_free_gib": 54.2,
          "status": "PASS"
        },
        "container": {
          "free_gib": 46.28,
          "required_start_free_gib": 55.0,
          "status": "BLOCKED"
        }
      }
    },
    {
      "stage": "build-first",
      "role_occupancy_gib": {
        "work": 14.0,
        "cache": 4.0,
        "logs": 0.25,
        "container": 3.0
      },
      "artifact_required_start_free_gib": 73.35,
      "container_required_start_free_gib": 57.0,
      "combined_required_start_free_gib": 80.35,
      "volume_status": {
        "artifact": {
          "free_gib": 64.06,
          "required_start_free_gib": 73.35,
          "status": "BLOCKED"
        },
        "container": {
          "free_gib": 46.28,
          "required_start_free_gib": 57.0,
          "status": "BLOCKED"
        }
      }
    },
    {
      "stage": "build-second",
      "role_occupancy_gib": {
        "work": 14.0,
        "cache": 7.0,
        "logs": 0.5,
        "container": 5.0
      },
      "artifact_required_start_free_gib": 76.6,
      "container_required_start_free_gib": 59.0,
      "combined_required_start_free_gib": 85.6,
      "volume_status": {
        "artifact": {
          "free_gib": 64.06,
          "required_start_free_gib": 76.6,
          "status": "BLOCKED"
        },
        "container": {
          "free_gib": 46.28,
          "required_start_free_gib": 59.0,
          "status": "BLOCKED"
        }
      }
    },
    {
      "stage": "package",
      "role_occupancy_gib": {
        "work": 5.0,
        "cache": 7.0,
        "output": 2.0,
        "logs": 0.5,
        "container": 5.0
      },
      "artifact_required_start_free_gib": 70.1,
      "container_required_start_free_gib": 59.0,
      "combined_required_start_free_gib": 79.1,
      "volume_status": {
        "artifact": {
          "free_gib": 64.06,
          "required_start_free_gib": 70.1,
          "status": "BLOCKED"
        },
        "container": {
          "free_gib": 46.28,
          "required_start_free_gib": 59.0,
          "status": "BLOCKED"
        }
      }
    },
    {
      "stage": "package-test",
      "role_occupancy_gib": {
        "cache": 7.0,
        "output": 2.0,
        "logs": 0.75,
        "container": 7.0
      },
      "artifact_required_start_free_gib": 61.35,
      "container_required_start_free_gib": 61.0,
      "combined_required_start_free_gib": 72.35,
      "volume_status": {
        "artifact": {
          "free_gib": 64.06,
          "required_start_free_gib": 61.35,
          "status": "PASS"
        },
        "container": {
          "free_gib": 46.28,
          "required_start_free_gib": 61.0,
          "status": "BLOCKED"
        }
      }
    },
    {
      "stage": "official-derived-images",
      "role_occupancy_gib": {
        "cache": 7.0,
        "output": 2.0,
        "logs": 0.75,
        "container": 14.0
      },
      "artifact_required_start_free_gib": 61.35,
      "container_required_start_free_gib": 68.0,
      "combined_required_start_free_gib": 79.35,
      "volume_status": {
        "artifact": {
          "free_gib": 64.06,
          "required_start_free_gib": 61.35,
          "status": "PASS"
        },
        "container": {
          "free_gib": 46.28,
          "required_start_free_gib": 68.0,
          "status": "BLOCKED"
        }
      }
    },
    {
      "stage": "evaluator-10445",
      "role_occupancy_gib": {
        "cache": 7.0,
        "output": 2.0,
        "logs": 1.0,
        "container": 22.0
      },
      "artifact_required_start_free_gib": 61.6,
      "container_required_start_free_gib": 76.0,
      "combined_required_start_free_gib": 87.6,
      "volume_status": {
        "artifact": {
          "free_gib": 64.06,
          "required_start_free_gib": 61.6,
          "status": "PASS"
        },
        "container": {
          "free_gib": 46.28,
          "required_start_free_gib": 76.0,
          "status": "BLOCKED"
        }
      }
    }
  ],
  "volume_requirements": {
    "artifact": {
      "free_gib": 64.06,
      "required_start_free_gib": 76.6,
      "additional_free_space_needed_gib": 12.54
    },
    "container": {
      "free_gib": 46.28,
      "required_start_free_gib": 76.0,
      "additional_free_space_needed_gib": 29.72
    }
  },
  "paths": {
    "work_dir": "/mnt/e/GHW/ahsl/results/f1_d1_evaluator_dependency_recovery/runtime/work",
    "cache_dir": "/mnt/e/GHW/ahsl/results/f1_d1_evaluator_dependency_recovery/runtime/cache",
    "output_dir": "/mnt/e/GHW/ahsl/results/f1_d1_evaluator_dependency_recovery/runtime/output",
    "logs_dir": "/mnt/e/GHW/ahsl/results/f1_d1_evaluator_dependency_recovery/logs/recovery_script",
    "artifact_host_storage_path": "/mnt/e",
    "container_store": "/home/cc/.local/share/containers/storage",
    "container_host_storage_path": "/mnt/c"
  }
}
