2026-08-26 15:33:34,996 | INFO | Primary dataset 1/120: topology=random seed=0
2026-08-26 15:33:41,225 | INFO | Primary dataset 2/120: topology=random seed=1
2026-08-26 15:33:51,130 | INFO | Primary dataset 3/120: topology=random seed=2
2026-08-26 15:33:56,251 | INFO | Primary dataset 4/120: topology=random seed=3
2026-08-26 15:34:03,119 | INFO | Primary dataset 5/120: topology=random seed=4
2026-08-26 15:34:13,711 | INFO | Primary dataset 6/120: topology=random seed=5
2026-08-26 15:34:21,716 | INFO | Primary dataset 7/120: topology=random seed=6
2026-08-26 15:34:30,297 | INFO | Primary dataset 8/120: topology=random seed=7
2026-08-26 15:34:37,331 | INFO | Primary dataset 9/120: topology=random seed=8
2026-08-26 15:34:43,984 | INFO | Primary dataset 10/120: topology=random seed=9
2026-08-26 15:34:54,270 | INFO | Primary dataset 11/120: topology=random seed=10
2026-08-26 15:35:02,972 | INFO | Primary dataset 12/120: topology=random seed=11
2026-08-26 15:35:08,830 | INFO | Primary dataset 13/120: topology=random seed=12
2026-08-26 15:35:16,442 | INFO | Primary dataset 14/120: topology=random seed=13
2026-08-26 15:35:25,204 | INFO | Primary dataset 15/120: topology=random seed=14
2026-08-26 15:35:32,770 | INFO | Primary dataset 16/120: topology=random seed=15
2026-08-26 15:35:42,558 | INFO | Primary dataset 17/120: topology=random seed=16
2026-08-26 15:35:50,208 | INFO | Primary dataset 18/120: topology=random seed=17
2026-08-26 15:35:57,521 | INFO | Primary dataset 19/120: topology=random seed=18
2026-08-26 15:36:03,785 | INFO | Primary dataset 20/120: topology=random seed=19
2026-08-26 15:36:09,427 | INFO | Primary dataset 21/120: topology=random seed=20
2026-08-26 15:36:17,984 | INFO | Primary dataset 22/120: topology=random seed=21
2026-08-26 15:36:23,216 | INFO | Primary dataset 23/120: topology=random seed=22
2026-08-26 15:36:27,274 | INFO | Primary dataset 24/120: topology=random seed=23
2026-08-26 15:36:35,406 | INFO | Primary dataset 25/120: topology=random seed=24
2026-08-26 15:36:44,080 | INFO | Primary dataset 26/120: topology=random seed=25
2026-08-26 15:36:54,426 | INFO | Primary dataset 27/120: topology=random seed=26
2026-08-26 15:37:03,219 | INFO | Primary dataset 28/120: topology=random seed=27
2026-08-26 15:37:10,254 | INFO | Primary dataset 29/120: topology=random seed=28
2026-08-26 15:37:17,647 | INFO | Primary dataset 30/120: topology=random seed=29
2026-08-26 15:37:23,926 | INFO | Primary dataset 31/120: topology=path seed=0
2026-08-26 15:37:33,699 | INFO | Primary dataset 32/120: topology=path seed=1
2026-08-26 15:37:43,319 | INFO | Primary dataset 33/120: topology=path seed=2
2026-08-26 15:37:52,861 | INFO | Primary dataset 34/120: topology=path seed=3
2026-08-26 15:38:06,986 | INFO | Primary dataset 35/120: topology=path seed=4
2026-08-26 15:38:19,864 | INFO | Primary dataset 36/120: topology=path seed=5
2026-08-26 15:38:30,704 | INFO | Primary dataset 37/120: topology=path seed=6
2026-08-26 15:38:41,039 | INFO | Primary dataset 38/120: topology=path seed=7
2026-08-26 15:38:51,475 | INFO | Primary dataset 39/120: topology=path seed=8
2026-08-26 15:39:18,526 | INFO | Primary dataset 40/120: topology=path seed=9
2026-08-26 15:39:29,591 | INFO | Primary dataset 41/120: topology=path seed=10
2026-08-26 15:39:37,892 | INFO | Primary dataset 42/120: topology=path seed=11
2026-08-26 15:39:58,422 | INFO | Primary dataset 43/120: topology=path seed=12
2026-08-26 15:40:06,559 | INFO | Primary dataset 44/120: topology=path seed=13
2026-08-26 15:40:20,512 | INFO | Primary dataset 45/120: topology=path seed=14
2026-08-26 15:40:33,615 | INFO | Primary dataset 46/120: topology=path seed=15
2026-08-26 15:40:43,733 | INFO | Primary dataset 47/120: topology=path seed=16
2026-08-26 15:40:49,390 | INFO | Primary dataset 48/120: topology=path seed=17
2026-08-26 15:41:05,085 | INFO | Primary dataset 49/120: topology=path seed=18
2026-08-26 15:41:26,492 | INFO | Primary dataset 50/120: topology=path seed=19
2026-08-26 15:41:43,452 | INFO | Primary dataset 51/120: topology=path seed=20
2026-08-26 15:41:52,525 | INFO | Primary dataset 52/120: topology=path seed=21
2026-08-26 15:42:03,309 | INFO | Primary dataset 53/120: topology=path seed=22
2026-08-26 15:42:19,956 | INFO | Primary dataset 54/120: topology=path seed=23
2026-08-26 15:42:30,058 | INFO | Primary dataset 55/120: topology=path seed=24
2026-08-26 15:42:43,953 | INFO | Primary dataset 56/120: topology=path seed=25
2026-08-26 15:43:06,654 | INFO | Primary dataset 57/120: topology=path seed=26
2026-08-26 15:43:22,932 | INFO | Primary dataset 58/120: topology=path seed=27
2026-08-26 15:43:32,436 | INFO | Primary dataset 59/120: topology=path seed=28
2026-08-26 15:43:45,546 | INFO | Primary dataset 60/120: topology=path seed=29
2026-08-26 15:44:05,988 | INFO | Primary dataset 61/120: topology=balanced seed=0
2026-08-26 15:44:16,984 | INFO | Primary dataset 62/120: topology=balanced seed=1
2026-08-26 15:44:31,271 | INFO | Primary dataset 63/120: topology=balanced seed=2
2026-08-26 15:44:46,873 | INFO | Primary dataset 64/120: topology=balanced seed=3
2026-08-26 15:44:58,539 | INFO | Primary dataset 65/120: topology=balanced seed=4
2026-08-26 15:45:09,938 | INFO | Primary dataset 66/120: topology=balanced seed=5
2026-08-26 15:45:22,613 | INFO | Primary dataset 67/120: topology=balanced seed=6
2026-08-26 15:45:33,045 | INFO | Primary dataset 68/120: topology=balanced seed=7
2026-08-26 15:45:51,357 | INFO | Primary dataset 69/120: topology=balanced seed=8
2026-08-26 15:46:03,504 | INFO | Primary dataset 70/120: topology=balanced seed=9
2026-08-26 15:46:21,771 | INFO | Primary dataset 71/120: topology=balanced seed=10
2026-08-26 15:46:29,278 | INFO | Primary dataset 72/120: topology=balanced seed=11
2026-08-26 15:46:41,287 | INFO | Primary dataset 73/120: topology=balanced seed=12
2026-08-26 15:46:54,427 | INFO | Primary dataset 74/120: topology=balanced seed=13
2026-08-26 15:47:03,067 | INFO | Primary dataset 75/120: topology=balanced seed=14
2026-08-26 15:47:14,272 | INFO | Primary dataset 76/120: topology=balanced seed=15
2026-08-26 15:47:32,096 | INFO | Primary dataset 77/120: topology=balanced seed=16
2026-08-26 15:47:40,455 | INFO | Primary dataset 78/120: topology=balanced seed=17
2026-08-26 15:47:51,437 | INFO | Primary dataset 79/120: topology=balanced seed=18
2026-08-26 15:48:03,973 | INFO | Primary dataset 80/120: topology=balanced seed=19
2026-08-26 15:48:11,939 | INFO | Primary dataset 81/120: topology=balanced seed=20
2026-08-26 15:48:20,817 | INFO | Primary dataset 82/120: topology=balanced seed=21
2026-08-26 15:48:32,105 | INFO | Primary dataset 83/120: topology=balanced seed=22
2026-08-26 15:48:49,100 | INFO | Primary dataset 84/120: topology=balanced seed=23
2026-08-26 15:48:59,311 | INFO | Primary dataset 85/120: topology=balanced seed=24
2026-08-26 15:49:07,226 | INFO | Primary dataset 86/120: topology=balanced seed=25
2026-08-26 15:49:27,526 | INFO | Primary dataset 87/120: topology=balanced seed=26
2026-08-26 15:49:43,852 | INFO | Primary dataset 88/120: topology=balanced seed=27
2026-08-26 15:49:54,522 | INFO | Primary dataset 89/120: topology=balanced seed=28
2026-08-26 15:50:10,968 | INFO | Primary dataset 90/120: topology=balanced seed=29
2026-08-26 15:50:17,766 | INFO | Primary dataset 91/120: topology=star seed=0
2026-08-26 15:50:23,660 | INFO | Primary dataset 92/120: topology=star seed=1
2026-08-26 15:50:32,057 | INFO | Primary dataset 93/120: topology=star seed=2
2026-08-26 15:50:35,898 | INFO | Primary dataset 94/120: topology=star seed=3
2026-08-26 15:50:45,832 | INFO | Primary dataset 95/120: topology=star seed=4
2026-08-26 15:50:52,657 | INFO | Primary dataset 96/120: topology=star seed=5
2026-08-26 15:51:01,919 | INFO | Primary dataset 97/120: topology=star seed=6
2026-08-26 15:51:08,298 | INFO | Primary dataset 98/120: topology=star seed=7
2026-08-26 15:51:13,842 | INFO | Primary dataset 99/120: topology=star seed=8
2026-08-26 15:51:19,627 | INFO | Primary dataset 100/120: topology=star seed=9
2026-08-26 15:51:31,090 | INFO | Primary dataset 101/120: topology=star seed=10
2026-08-26 15:51:39,645 | INFO | Primary dataset 102/120: topology=star seed=11
2026-08-26 15:51:47,008 | INFO | Primary dataset 103/120: topology=star seed=12
2026-08-26 15:51:53,058 | INFO | Primary dataset 104/120: topology=star seed=13
2026-08-26 15:52:01,226 | INFO | Primary dataset 105/120: topology=star seed=14
2026-08-26 15:52:10,388 | INFO | Primary dataset 106/120: topology=star seed=15
2026-08-26 15:52:14,583 | INFO | Primary dataset 107/120: topology=star seed=16
2026-08-26 15:52:18,202 | INFO | Primary dataset 108/120: topology=star seed=17
2026-08-26 15:52:24,263 | INFO | Primary dataset 109/120: topology=star seed=18
2026-08-26 15:52:30,110 | INFO | Primary dataset 110/120: topology=star seed=19
2026-08-26 15:52:36,652 | INFO | Primary dataset 111/120: topology=star seed=20
2026-08-26 15:52:43,457 | INFO | Primary dataset 112/120: topology=star seed=21
2026-08-26 15:52:48,839 | INFO | Primary dataset 113/120: topology=star seed=22
2026-08-26 15:52:55,198 | INFO | Primary dataset 114/120: topology=star seed=23
2026-08-26 15:53:00,018 | INFO | Primary dataset 115/120: topology=star seed=24
2026-08-26 15:53:04,687 | INFO | Primary dataset 116/120: topology=star seed=25
2026-08-26 15:53:09,958 | INFO | Primary dataset 117/120: topology=star seed=26
2026-08-26 15:53:15,897 | INFO | Primary dataset 118/120: topology=star seed=27
2026-08-26 15:53:27,384 | INFO | Primary dataset 119/120: topology=star seed=28
2026-08-26 15:53:32,333 | INFO | Primary dataset 120/120: topology=star seed=29
2026-08-26 15:53:38,327 | INFO | Completed a1_5_primary with 5040 aggregate rows
