2026-10-04T22:38:18+08:00
podman version 3.4.4
time="2026-10-04T22:38:18+08:00" level=warning msg="The cgroupv2 manager is set to systemd but there is no systemd user session available"
time="2026-10-04T22:38:18+08:00" level=warning msg="For using systemd, you may need to login using an user session"
time="2026-10-04T22:38:18+08:00" level=warning msg="Alternatively, you can enable lingering with: `loginctl enable-linger 1000` (possibly as root)"
time="2026-10-04T22:38:18+08:00" level=warning msg="Falling back to --cgroup-manager=cgroupfs"
graph_root=/home/cc/.local/share/containers/storage arch=amd64
time="2026-10-04T22:38:19+08:00" level=warning msg="The cgroupv2 manager is set to systemd but there is no systemd user session available"
time="2026-10-04T22:38:19+08:00" level=warning msg="For using systemd, you may need to login using an user session"
time="2026-10-04T22:38:19+08:00" level=warning msg="Alternatively, you can enable lingering with: `loginctl enable-linger 1000` (possibly as root)"
time="2026-10-04T22:38:19+08:00" level=warning msg="Falling back to --cgroup-manager=cgroupfs"
<none>|<none>|sha256:90f452d531896dabf982cdd65a8ac2708c8c0d216a6d62863b28222e0d14922b|sha256:1079102f42127436fafb81eac5e55e0dae6564f81e1c0220c85b07d68c1b8939|4.2 GB
<none>|<none>|sha256:919fdb197f48fe9e1c9ecd3178e015705c0eb336d4d3ee7ad7cf7aa10080cd48|sha256:774df26871d96c5619ddcdf0f0ffb0d4c89e032ac4e7e079970bd3bef1afc529|3.57 GB
docker.io/library/ubuntu|24.04|sha256:a6f81fb630d51837271b89f8193810a5fc493fa4f30a55d7ebcdb3a66f3cc63a|sha256:33ceb71981b602c1a7443a53469e4dba065f7503eab3078a2d7a57a2ab987517|80.7 MB
docker.io/library/hello-world|latest|sha256:e2ac70e7319a02c5a477f5825259bd118b94e8b02c279c67afa63adab6d8685b|sha256:5dd0d3e6e255913fc30f90b9f2b1d359cc2cbdb48090cc4b65f1676e203243cc|25.5 kB
docker.io/n132/arvo|10445-vul|sha256:19fdb03b92349007648e0320c72eafc564ef7899139c9d71bb19e37cf4cc9e66|sha256:2d4e8a62c1d800758120fc4540751c29b2aa81c0018a2f766df5fc938dc17af2|3.57 GB
docker.io/n132/arvo|10445-fix|sha256:a0ae060fd80ba41e6f0dd9718972c12ca9ac6edea0685bb0adea41fe9c2d1af0|sha256:f16f1cfedd19f264184b5394790aec44907ca520902fb02131e65c9d4a2ed2dc|4.2 GB
time="2026-10-04T22:38:19+08:00" level=warning msg="The cgroupv2 manager is set to systemd but there is no systemd user session available"
time="2026-10-04T22:38:19+08:00" level=warning msg="For using systemd, you may need to login using an user session"
time="2026-10-04T22:38:19+08:00" level=warning msg="Alternatively, you can enable lingering with: `loginctl enable-linger 1000` (possibly as root)"
time="2026-10-04T22:38:19+08:00" level=warning msg="Falling back to --cgroup-manager=cgroupfs"
time="2026-10-04T22:38:20+08:00" level=warning msg="The cgroupv2 manager is set to systemd but there is no systemd user session available"
time="2026-10-04T22:38:20+08:00" level=warning msg="For using systemd, you may need to login using an user session"
time="2026-10-04T22:38:20+08:00" level=warning msg="Alternatively, you can enable lingering with: `loginctl enable-linger 1000` (possibly as root)"
time="2026-10-04T22:38:20+08:00" level=warning msg="Falling back to --cgroup-manager=cgroupfs"
Images space usage:

REPOSITORY                     TAG         IMAGE ID      CREATED     SIZE        SHARED SIZE  UNIQUE SIZE  CONTAINERS
docker.io/library/hello-world  latest      e2ac70e7319a  6 months    25.46kB     0B           25.46kB      0
docker.io/library/ubuntu       24.04       a6f81fb630d5  6 weeks     80.68MB     0B           80.68MB      0
docker.io/n132/arvo            10445-vul   19fdb03b9234  2 years     3.572GB     3.572GB      0B           0
docker.io/n132/arvo            10445-fix   a0ae060fd80b  2 years     4.199GB     4.199GB      0B           0
<none>                         <none>      919fdb197f48  4 weeks     3.572GB     3.572GB      -4911B       0
<none>                         <none>      90f452d53189  4 weeks     4.199GB     4.199GB      -6027B       0

Containers space usage:

CONTAINER ID  IMAGE       COMMAND     LOCAL VOLUMES  SIZE        CREATED     STATUS      NAMES

Local Volumes space usage:

VOLUME NAME  LINKS       SIZE
time="2026-10-04T22:38:20+08:00" level=warning msg="The cgroupv2 manager is set to systemd but there is no systemd user session available"
time="2026-10-04T22:38:20+08:00" level=warning msg="For using systemd, you may need to login using an user session"
time="2026-10-04T22:38:20+08:00" level=warning msg="Alternatively, you can enable lingering with: `loginctl enable-linger 1000` (possibly as root)"
time="2026-10-04T22:38:20+08:00" level=warning msg="Falling back to --cgroup-manager=cgroupfs"
19fdb03b92349007648e0320c72eafc564ef7899139c9d71bb19e37cf4cc9e66|sha256:2d4e8a62c1d800758120fc4540751c29b2aa81c0018a2f766df5fc938dc17af2|3571690192|["docker.io/n132/arvo:10445-vul"]|["docker.io/n132/arvo@sha256:2d4e8a62c1d800758120fc4540751c29b2aa81c0018a2f766df5fc938dc17af2"]|["sha256:8823818c474862932702f8a920abea43b2560ddceb910d145be9ba0eb149a643","sha256:19d043c86cbcb68e4f8363bf0363a2110af6e627eb9051cda1e8fc6ce1e43d7f","sha256:883eafdbe580e33bf34cb29e9c4c01a5fd7812f7ab93f9950cad1875e13e3915","sha256:4775b2f378bb7a98f1d64d2af7ee14251acd027c115065691719367c739ef25a","sha256:75b79e19929ce80a6ec6c059616338272fbac9173fdd5be1ee48b949261770cf","sha256:2dce13785f2f9f03d55496e05252015cd73fd045b8690db5eb01c881421f561c","sha256:196533ac2d25925378b52081d0e3d3d9c494ea987eac2725e137e3b266a10be4","sha256:6c49b93baf95f9ea6be014714a89c7fb1e06407248cc81ecf530e3231042e38e","sha256:ad94a93a16f011436f4428c3d47039e57658890578425bbcd1195ee9ad4fb84f","sha256:6554b25cf47c586d60f7b3477854430b64c8818e11b17e6b5d1d2b82d048c737","sha256:62d98aa0cb59ed139406c3910fbd316c3f94f5fe72fc653a3d2d22a75cdaac45","sha256:e99044965ad46c4b3d756014b54b881e6971ef12f4bdb9e386873a9d31d005db","sha256:ce716a8ef642387ed6b564face87bd555c7254331629bec1ba74c7d378adfe77","sha256:81f0d2ce30aaf342b82858c6331f1b894c769dfff01bba02260ac29b53b7e393","sha256:a2038500665e06803c1c097c959ac0175bf396c34f19e3f521559409a230de49","sha256:b410bf1e077a884ae67823f098022fc7563b3865b41611e3b53e2d21afd67087","sha256:2350a6d80edb1dc03f7784e455e3ab8255a2574086aad6e1d020f3062f0b6d43","sha256:9e1ffeb67d23fcfc71abec19513ddb3921b26821174ec5fc6ed64b20e80d432e","sha256:bcab02dac147b99590a916375b2565e6d649bc8a6342e49970281bebd1d772b1","sha256:b065af560e0f61daca43963ea0541f3aff9a83b78f5685a0170642066656955c","sha256:0fd2c0af1d8dcea7aed40951bf17fbe1b708c756448d684ef11b9420dd07b987","sha256:5f70bf18a086007016e948b04aed3b82103a36bea41755b6cddfaf10ace3c6ef","sha256:bd52145d5717187ca9956c1146b1c64bf9eb31572257e1a8559b3baa848ca973","sha256:6236208f6fc8008a3233f8161a16e989175e272c0f4a2bcfb7b1a79ed2605a75","sha256:c1e6e6be6ee66a7af5322f3a2a6c8a3498a9e74f481b171c0f4d8cb9b19c7a0e"]
time="2026-10-04T22:38:21+08:00" level=warning msg="The cgroupv2 manager is set to systemd but there is no systemd user session available"
time="2026-10-04T22:38:21+08:00" level=warning msg="For using systemd, you may need to login using an user session"
time="2026-10-04T22:38:21+08:00" level=warning msg="Alternatively, you can enable lingering with: `loginctl enable-linger 1000` (possibly as root)"
time="2026-10-04T22:38:21+08:00" level=warning msg="Falling back to --cgroup-manager=cgroupfs"
a0ae060fd80ba41e6f0dd9718972c12ca9ac6edea0685bb0adea41fe9c2d1af0|sha256:f16f1cfedd19f264184b5394790aec44907ca520902fb02131e65c9d4a2ed2dc|4198873200|["docker.io/n132/arvo:10445-fix"]|["docker.io/n132/arvo@sha256:f16f1cfedd19f264184b5394790aec44907ca520902fb02131e65c9d4a2ed2dc"]|["sha256:b592b5433bbffb04389a0e6349cdba6af8d006779bbb93beb69aa77d59133be4","sha256:4a048ea09024fc68a2d21f8614d9e49f246efe0902dee85fb27ccc8ac17be73b","sha256:0d3833376c2f2b31bbaa02e419615355fd529b624b2cda1ef1dca0c856a25e73","sha256:64d2e4aaa54cf6b127584b366d73d4ab66ca40897cd88e1f9fe971e7f2e09082","sha256:703b8ffdf299dd83d057364c493e7e00b3d38d636f6c99285d879e03827ed40e","sha256:c240690918d8b02899fad01e79fd81cc076ff93aadbad5bfb1ab1ddf4b7a1133","sha256:406d76ed7edd7450aebd19f642f13fb305a14b6772d2dabafb853bcc89a805be","sha256:ad8a36c6ac51d9084cca4d9c14e36aa9f43c1de8513e493b0afc0f05939862df","sha256:bf301ea928da1bc68be1603b65474cd9f7da219bd278ec92e810bb389fad6c3b","sha256:7476de339f2ef662c086aecf3d3454e5f6d97a2b24a5ca2141a081306098a0c9","sha256:6e9f161730a1c0db3587951acbf5b5000c0c1ae87d24e98bbf548640b25990d4","sha256:67ed3c3be469864865fab85156e9c5352daffe9affc22bde74d2b15934414ee1","sha256:9d3491121eae56b0c6a5424597930d80c9ef1053cd27ec0103a7014ef6f7f900","sha256:98dd8f09c4231022986d2a98db3c7ec14a88d7f1ffccde252eb86a883dfe4cb7","sha256:dacf6db68c3c35a3d96498cb1866ac78ac739d9508010a254b99562413116c22","sha256:60853496068151c1b8294f79988931a0763791823454dff9560cadec3843b843","sha256:91a82d7500cc3c35d3550f89d8d2f6daf18d975f82391e984fbe80a0eee88d6d","sha256:6546e58213607b42d3bbc05b9c85a4808a887e966bf7e4292b0cf71fe64554da","sha256:47dda9edaa698c2b63e1942c241032c2e9b71c391b6c50c15d04e0b968f200da","sha256:1eabe7d4a4b80d4d1ff2e8270e8f0164eaef43efbf6e8073cdb8b121d1770771","sha256:8d1941e15bdc9dcaf7f75cf3cce566e8ae4c89bfe05f0e635f966413876f044a","sha256:3176b682b92670a337bb09d0802b948015472fd3f26b2b8537ceb2b2b210987e","sha256:7e9c45718aa93e9410660d50a82109f9690917c2175197c55d2036368f4be6d2","sha256:45c351af41b8872ce3abf536496e6d93a203f24906a85abac1042445c096bc10","sha256:0c38b6c0416af182bb4a2ef01f402c16cb65e0b1c7f453386b9c696146c6d9fc","sha256:6315f01544cf957600263ed8dd67b63e85da13f4f41d2c47680390cff86ddbaf","sha256:0c0f16d7f0ba499ae8e2f308547009888a689f586cfad9d3e8c4d6522dd371f2","sha256:5f70bf18a086007016e948b04aed3b82103a36bea41755b6cddfaf10ace3c6ef","sha256:8512c16c4b4d408296f6c611ac2821047b42bda76fda7725454d856ae66ad1d3","sha256:f98dc24e0f2aec6a12a33a2db90b0b594f43b165bb3391654af7a19153289b16","sha256:c1e6e6be6ee66a7af5322f3a2a6c8a3498a9e74f481b171c0f4d8cb9b19c7a0e"]
time="2026-10-04T22:38:21+08:00" level=warning msg="The cgroupv2 manager is set to systemd but there is no systemd user session available"
time="2026-10-04T22:38:21+08:00" level=warning msg="For using systemd, you may need to login using an user session"
time="2026-10-04T22:38:21+08:00" level=warning msg="Alternatively, you can enable lingering with: `loginctl enable-linger 1000` (possibly as root)"
time="2026-10-04T22:38:21+08:00" level=warning msg="Falling back to --cgroup-manager=cgroupfs"
919fdb197f48fe9e1c9ecd3178e015705c0eb336d4d3ee7ad7cf7aa10080cd48|sha256:774df26871d96c5619ddcdf0f0ffb0d4c89e032ac4e7e079970bd3bef1afc529|3571685281|[]|[]|["sha256:8823818c474862932702f8a920abea43b2560ddceb910d145be9ba0eb149a643","sha256:19d043c86cbcb68e4f8363bf0363a2110af6e627eb9051cda1e8fc6ce1e43d7f","sha256:883eafdbe580e33bf34cb29e9c4c01a5fd7812f7ab93f9950cad1875e13e3915","sha256:4775b2f378bb7a98f1d64d2af7ee14251acd027c115065691719367c739ef25a","sha256:75b79e19929ce80a6ec6c059616338272fbac9173fdd5be1ee48b949261770cf","sha256:2dce13785f2f9f03d55496e05252015cd73fd045b8690db5eb01c881421f561c","sha256:196533ac2d25925378b52081d0e3d3d9c494ea987eac2725e137e3b266a10be4","sha256:6c49b93baf95f9ea6be014714a89c7fb1e06407248cc81ecf530e3231042e38e","sha256:ad94a93a16f011436f4428c3d47039e57658890578425bbcd1195ee9ad4fb84f","sha256:6554b25cf47c586d60f7b3477854430b64c8818e11b17e6b5d1d2b82d048c737","sha256:62d98aa0cb59ed139406c3910fbd316c3f94f5fe72fc653a3d2d22a75cdaac45","sha256:e99044965ad46c4b3d756014b54b881e6971ef12f4bdb9e386873a9d31d005db","sha256:ce716a8ef642387ed6b564face87bd555c7254331629bec1ba74c7d378adfe77","sha256:81f0d2ce30aaf342b82858c6331f1b894c769dfff01bba02260ac29b53b7e393","sha256:a2038500665e06803c1c097c959ac0175bf396c34f19e3f521559409a230de49","sha256:b410bf1e077a884ae67823f098022fc7563b3865b41611e3b53e2d21afd67087","sha256:2350a6d80edb1dc03f7784e455e3ab8255a2574086aad6e1d020f3062f0b6d43","sha256:9e1ffeb67d23fcfc71abec19513ddb3921b26821174ec5fc6ed64b20e80d432e","sha256:bcab02dac147b99590a916375b2565e6d649bc8a6342e49970281bebd1d772b1","sha256:b065af560e0f61daca43963ea0541f3aff9a83b78f5685a0170642066656955c","sha256:0fd2c0af1d8dcea7aed40951bf17fbe1b708c756448d684ef11b9420dd07b987","sha256:5f70bf18a086007016e948b04aed3b82103a36bea41755b6cddfaf10ace3c6ef","sha256:bd52145d5717187ca9956c1146b1c64bf9eb31572257e1a8559b3baa848ca973","sha256:6236208f6fc8008a3233f8161a16e989175e272c0f4a2bcfb7b1a79ed2605a75","sha256:c1e6e6be6ee66a7af5322f3a2a6c8a3498a9e74f481b171c0f4d8cb9b19c7a0e"]
time="2026-10-04T22:38:22+08:00" level=warning msg="The cgroupv2 manager is set to systemd but there is no systemd user session available"
time="2026-10-04T22:38:22+08:00" level=warning msg="For using systemd, you may need to login using an user session"
time="2026-10-04T22:38:22+08:00" level=warning msg="Alternatively, you can enable lingering with: `loginctl enable-linger 1000` (possibly as root)"
time="2026-10-04T22:38:22+08:00" level=warning msg="Falling back to --cgroup-manager=cgroupfs"
90f452d531896dabf982cdd65a8ac2708c8c0d216a6d62863b28222e0d14922b|sha256:1079102f42127436fafb81eac5e55e0dae6564f81e1c0220c85b07d68c1b8939|4198867173|[]|[]|["sha256:b592b5433bbffb04389a0e6349cdba6af8d006779bbb93beb69aa77d59133be4","sha256:4a048ea09024fc68a2d21f8614d9e49f246efe0902dee85fb27ccc8ac17be73b","sha256:0d3833376c2f2b31bbaa02e419615355fd529b624b2cda1ef1dca0c856a25e73","sha256:64d2e4aaa54cf6b127584b366d73d4ab66ca40897cd88e1f9fe971e7f2e09082","sha256:703b8ffdf299dd83d057364c493e7e00b3d38d636f6c99285d879e03827ed40e","sha256:c240690918d8b02899fad01e79fd81cc076ff93aadbad5bfb1ab1ddf4b7a1133","sha256:406d76ed7edd7450aebd19f642f13fb305a14b6772d2dabafb853bcc89a805be","sha256:ad8a36c6ac51d9084cca4d9c14e36aa9f43c1de8513e493b0afc0f05939862df","sha256:bf301ea928da1bc68be1603b65474cd9f7da219bd278ec92e810bb389fad6c3b","sha256:7476de339f2ef662c086aecf3d3454e5f6d97a2b24a5ca2141a081306098a0c9","sha256:6e9f161730a1c0db3587951acbf5b5000c0c1ae87d24e98bbf548640b25990d4","sha256:67ed3c3be469864865fab85156e9c5352daffe9affc22bde74d2b15934414ee1","sha256:9d3491121eae56b0c6a5424597930d80c9ef1053cd27ec0103a7014ef6f7f900","sha256:98dd8f09c4231022986d2a98db3c7ec14a88d7f1ffccde252eb86a883dfe4cb7","sha256:dacf6db68c3c35a3d96498cb1866ac78ac739d9508010a254b99562413116c22","sha256:60853496068151c1b8294f79988931a0763791823454dff9560cadec3843b843","sha256:91a82d7500cc3c35d3550f89d8d2f6daf18d975f82391e984fbe80a0eee88d6d","sha256:6546e58213607b42d3bbc05b9c85a4808a887e966bf7e4292b0cf71fe64554da","sha256:47dda9edaa698c2b63e1942c241032c2e9b71c391b6c50c15d04e0b968f200da","sha256:1eabe7d4a4b80d4d1ff2e8270e8f0164eaef43efbf6e8073cdb8b121d1770771","sha256:8d1941e15bdc9dcaf7f75cf3cce566e8ae4c89bfe05f0e635f966413876f044a","sha256:3176b682b92670a337bb09d0802b948015472fd3f26b2b8537ceb2b2b210987e","sha256:7e9c45718aa93e9410660d50a82109f9690917c2175197c55d2036368f4be6d2","sha256:45c351af41b8872ce3abf536496e6d93a203f24906a85abac1042445c096bc10","sha256:0c38b6c0416af182bb4a2ef01f402c16cb65e0b1c7f453386b9c696146c6d9fc","sha256:6315f01544cf957600263ed8dd67b63e85da13f4f41d2c47680390cff86ddbaf","sha256:0c0f16d7f0ba499ae8e2f308547009888a689f586cfad9d3e8c4d6522dd371f2","sha256:5f70bf18a086007016e948b04aed3b82103a36bea41755b6cddfaf10ace3c6ef","sha256:8512c16c4b4d408296f6c611ac2821047b42bda76fda7725454d856ae66ad1d3","sha256:f98dc24e0f2aec6a12a33a2db90b0b594f43b165bb3391654af7a19153289b16","sha256:c1e6e6be6ee66a7af5322f3a2a6c8a3498a9e74f481b171c0f4d8cb9b19c7a0e"]
du: cannot read directory '/home/cc/.local/share/containers/storage/overlay/87566764d77422823ec1eddd42d7e3abb4ab5ed2b478865f8369715dc60dcaff/diff/var/cache/apt/archives/partial': Permission denied
du: cannot read directory '/home/cc/.local/share/containers/storage/overlay/87566764d77422823ec1eddd42d7e3abb4ab5ed2b478865f8369715dc60dcaff/diff/var/lib/apt/lists/partial': Permission denied
du: cannot read directory '/home/cc/.local/share/containers/storage/overlay/b9a65b3c65ab22d490085bd0bf5490e2409da8748b406870f2463bdc41cd6795/diff/home/ubuntu': Permission denied
du: cannot read directory '/home/cc/.local/share/containers/storage/overlay/b9a65b3c65ab22d490085bd0bf5490e2409da8748b406870f2463bdc41cd6795/diff/var/cache/apt/archives/partial': Permission denied
du: cannot read directory '/home/cc/.local/share/containers/storage/overlay/e06147c92d3772428a6c1d7759f6169da731c17e9cf31e9f90b81da33f55b5cd/diff/var/cache/apt/archives/partial': Permission denied
du: cannot read directory '/home/cc/.local/share/containers/storage/overlay/e06147c92d3772428a6c1d7759f6169da731c17e9cf31e9f90b81da33f55b5cd/diff/var/lib/apt/lists/partial': Permission denied
du: cannot read directory '/home/cc/.local/share/containers/storage/overlay/8823818c474862932702f8a920abea43b2560ddceb910d145be9ba0eb149a643/diff/var/cache/apt/archives/partial': Permission denied
du: cannot read directory '/home/cc/.local/share/containers/storage/overlay/8823818c474862932702f8a920abea43b2560ddceb910d145be9ba0eb149a643/diff/var/lib/apt/lists/partial': Permission denied
du: cannot read directory '/home/cc/.local/share/containers/storage/overlay/fabc0d7ad8b48f230ea91cd1d54f0628901791892aedbd841917798577fb35b0/diff/var/cache/apt/archives/partial': Permission denied
du: cannot read directory '/home/cc/.local/share/containers/storage/overlay/e56b55a3f26c500bf64b067c5676db48a80ee96f7ebeac55d068c4e57a850d1d/diff/var/cache/apt/archives/partial': Permission denied
du: cannot read directory '/home/cc/.local/share/containers/storage/overlay/e56b55a3f26c500bf64b067c5676db48a80ee96f7ebeac55d068c4e57a850d1d/diff/var/lib/apt/lists/partial': Permission denied
du: cannot read directory '/home/cc/.local/share/containers/storage/overlay/9c3f817845602ee526cc1d993e9d83fa1d0b896f905efccd8f9d492ae01da12b/diff/var/cache/apt/archives/partial': Permission denied
du: cannot read directory '/home/cc/.local/share/containers/storage/overlay/9c3f817845602ee526cc1d993e9d83fa1d0b896f905efccd8f9d492ae01da12b/diff/var/lib/apt/lists/partial': Permission denied
du: cannot read directory '/home/cc/.local/share/containers/storage/overlay/b592b5433bbffb04389a0e6349cdba6af8d006779bbb93beb69aa77d59133be4/diff/var/cache/apt/archives/partial': Permission denied
du: cannot read directory '/home/cc/.local/share/containers/storage/overlay/b592b5433bbffb04389a0e6349cdba6af8d006779bbb93beb69aa77d59133be4/diff/var/lib/apt/lists/partial': Permission denied
du: cannot read directory '/home/cc/.local/share/containers/storage/overlay/f2a11325350e816cbd8c3daff2266ed8c4b7d014bf45d438c13e61f6edb9ec95/diff/var/cache/apt/archives/partial': Permission denied
du: cannot read directory '/home/cc/.local/share/containers/storage/overlay/f2a11325350e816cbd8c3daff2266ed8c4b7d014bf45d438c13e61f6edb9ec95/diff/var/lib/apt/lists/partial': Permission denied
du: cannot read directory '/home/cc/.local/share/containers/storage/overlay/39530560097bb1a59137dbe7bf1a28cce0c5cd668840be0fb931270b89582ba6/diff/var/lib/apt/lists/partial': Permission denied
du: cannot read directory '/home/cc/.local/share/containers/storage/overlay/7d4588787643e53c8fb7116a606ff54ebba424eff9d60d1ff8ef65c2c3aadf8e/diff/var/cache/apt/archives/partial': Permission denied
du: cannot read directory '/home/cc/.local/share/containers/storage/overlay/4b81c29b091c0d3df1a657723e3c9e13557003aba35916fbed290b39f6c785ea/diff/var/lib/apt/lists/partial': Permission denied
du: cannot read directory '/home/cc/.local/share/containers/storage/overlay/253ecd1b53b7516c2709073c8f2da3804381e0442c599499a4030238e71c4e1b/diff/var/cache/apt/archives/partial': Permission denied
du: cannot read directory '/home/cc/.local/share/containers/storage/overlay/253ecd1b53b7516c2709073c8f2da3804381e0442c599499a4030238e71c4e1b/diff/var/lib/apt/lists/partial': Permission denied
du: cannot read directory '/home/cc/.local/share/containers/storage/overlay/cbee6bae8b150d34906140678797bb1c9b8a166016224d8296bcf9fea6ee6c51/diff/var/cache/apt/archives/partial': Permission denied
du: cannot read directory '/home/cc/.local/share/containers/storage/overlay/fb414d156fa4b41acd91f07baafb6f57cc1c6ddfdc2cb46c5fb90610e458e0c4/diff/var/cache/apt/archives/partial': Permission denied
du: cannot read directory '/home/cc/.local/share/containers/storage/overlay/51a76b88152b4962845792b38881f354b430c410ec1c051529690049cd992247/diff/var/cache/apt/archives/partial': Permission denied
8066777088	/home/cc/.local/share/containers/storage
