2026-08-25 03:03:57,439 | INFO | Experiment a1_primary; dataset jobs=120
2026-08-25 03:03:57,441 | INFO | Primary dataset 1/120: topology=random seed=0
2026-08-25 03:04:09,915 | INFO | Primary dataset 2/120: topology=random seed=1
2026-08-25 03:04:22,859 | INFO | Primary dataset 3/120: topology=random seed=2
2026-08-25 03:04:30,187 | INFO | Primary dataset 4/120: topology=random seed=3
2026-08-25 03:04:39,410 | INFO | Primary dataset 5/120: topology=random seed=4
2026-08-25 03:04:52,834 | INFO | Primary dataset 6/120: topology=random seed=5
2026-08-25 03:04:59,378 | INFO | Primary dataset 7/120: topology=random seed=6
2026-08-25 03:05:07,567 | INFO | Primary dataset 8/120: topology=random seed=7
2026-08-25 03:05:12,551 | INFO | Primary dataset 9/120: topology=random seed=8
2026-08-25 03:05:19,374 | INFO | Primary dataset 10/120: topology=random seed=9
2026-08-25 03:05:27,118 | INFO | Primary dataset 11/120: topology=random seed=10
2026-08-25 03:05:35,410 | INFO | Primary dataset 12/120: topology=random seed=11
2026-08-25 03:05:40,421 | INFO | Primary dataset 13/120: topology=random seed=12
2026-08-25 03:05:48,462 | INFO | Primary dataset 14/120: topology=random seed=13
2026-08-25 03:05:57,080 | INFO | Primary dataset 15/120: topology=random seed=14
2026-08-25 03:06:03,943 | INFO | Primary dataset 16/120: topology=random seed=15
2026-08-25 03:06:14,184 | INFO | Primary dataset 17/120: topology=random seed=16
2026-08-25 03:06:22,205 | INFO | Primary dataset 18/120: topology=random seed=17
2026-08-25 03:06:29,280 | INFO | Primary dataset 19/120: topology=random seed=18
2026-08-25 03:06:37,772 | INFO | Primary dataset 20/120: topology=random seed=19
2026-08-25 03:06:45,530 | INFO | Primary dataset 21/120: topology=random seed=20
2026-08-25 03:06:59,740 | INFO | Primary dataset 22/120: topology=random seed=21
2026-08-25 03:07:08,215 | INFO | Primary dataset 23/120: topology=random seed=22
2026-08-25 03:07:14,130 | INFO | Primary dataset 24/120: topology=random seed=23
2026-08-25 03:07:35,710 | INFO | Primary dataset 25/120: topology=random seed=24
2026-08-25 03:07:57,747 | INFO | Primary dataset 26/120: topology=random seed=25
2026-08-25 03:08:26,889 | INFO | Primary dataset 27/120: topology=random seed=26
2026-08-25 03:08:52,212 | INFO | Primary dataset 28/120: topology=random seed=27
2026-08-25 03:09:15,857 | INFO | Primary dataset 29/120: topology=random seed=28
2026-08-25 03:09:36,897 | INFO | Primary dataset 30/120: topology=random seed=29
2026-08-25 03:09:51,441 | INFO | Primary dataset 31/120: topology=path seed=0
2026-08-25 03:10:14,015 | INFO | Primary dataset 32/120: topology=path seed=1
2026-08-25 03:10:40,128 | INFO | Primary dataset 33/120: topology=path seed=2
2026-08-25 03:11:12,025 | INFO | Primary dataset 34/120: topology=path seed=3
2026-08-25 03:12:01,698 | INFO | Primary dataset 35/120: topology=path seed=4
2026-08-25 03:12:37,414 | INFO | Primary dataset 36/120: topology=path seed=5
2026-08-25 03:13:12,363 | INFO | Primary dataset 37/120: topology=path seed=6
2026-08-25 03:13:46,592 | INFO | Primary dataset 38/120: topology=path seed=7
2026-08-25 03:14:20,883 | INFO | Primary dataset 39/120: topology=path seed=8
2026-08-25 03:15:22,855 | INFO | Primary dataset 40/120: topology=path seed=9
2026-08-25 03:15:50,467 | INFO | Primary dataset 41/120: topology=path seed=10
2026-08-25 03:16:13,160 | INFO | Primary dataset 42/120: topology=path seed=11
2026-08-25 03:16:57,368 | INFO | Primary dataset 43/120: topology=path seed=12
2026-08-25 03:17:18,678 | INFO | Primary dataset 44/120: topology=path seed=13
2026-08-25 03:17:55,392 | INFO | Primary dataset 45/120: topology=path seed=14
2026-08-25 03:18:27,904 | INFO | Primary dataset 46/120: topology=path seed=15
2026-08-25 03:18:53,845 | INFO | Primary dataset 47/120: topology=path seed=16
2026-08-25 03:19:06,166 | INFO | Primary dataset 48/120: topology=path seed=17
2026-08-25 03:19:42,674 | INFO | Primary dataset 49/120: topology=path seed=18
2026-08-25 03:20:31,942 | INFO | Primary dataset 50/120: topology=path seed=19
2026-08-25 03:21:14,930 | INFO | Primary dataset 51/120: topology=path seed=20
2026-08-25 03:21:37,663 | INFO | Primary dataset 52/120: topology=path seed=21
2026-08-25 03:22:09,746 | INFO | Primary dataset 53/120: topology=path seed=22
2026-08-25 03:22:54,080 | INFO | Primary dataset 54/120: topology=path seed=23
2026-08-25 03:23:17,353 | INFO | Primary dataset 55/120: topology=path seed=24
2026-08-25 03:23:54,138 | INFO | Primary dataset 56/120: topology=path seed=25
2026-08-25 03:24:54,320 | INFO | Primary dataset 57/120: topology=path seed=26
2026-08-25 03:25:32,510 | INFO | Primary dataset 58/120: topology=path seed=27
2026-08-25 03:25:59,004 | INFO | Primary dataset 59/120: topology=path seed=28
2026-08-25 03:26:32,806 | INFO | Primary dataset 60/120: topology=path seed=29
2026-08-25 03:27:23,396 | INFO | Primary dataset 61/120: topology=balanced seed=0
2026-08-25 03:27:47,314 | INFO | Primary dataset 62/120: topology=balanced seed=1
2026-08-25 03:28:19,096 | INFO | Primary dataset 63/120: topology=balanced seed=2
2026-08-25 03:28:52,104 | INFO | Primary dataset 64/120: topology=balanced seed=3
2026-08-25 03:29:16,996 | INFO | Primary dataset 65/120: topology=balanced seed=4
2026-08-25 03:29:42,903 | INFO | Primary dataset 66/120: topology=balanced seed=5
2026-08-25 03:30:11,392 | INFO | Primary dataset 67/120: topology=balanced seed=6
2026-08-25 03:30:34,392 | INFO | Primary dataset 68/120: topology=balanced seed=7
2026-08-25 03:31:24,785 | INFO | Primary dataset 69/120: topology=balanced seed=8
2026-08-25 03:31:52,587 | INFO | Primary dataset 70/120: topology=balanced seed=9
2026-08-25 03:32:37,915 | INFO | Primary dataset 71/120: topology=balanced seed=10
2026-08-25 03:32:55,694 | INFO | Primary dataset 72/120: topology=balanced seed=11
2026-08-25 03:33:24,492 | INFO | Primary dataset 73/120: topology=balanced seed=12
2026-08-25 03:33:54,667 | INFO | Primary dataset 74/120: topology=balanced seed=13
2026-08-25 03:34:17,170 | INFO | Primary dataset 75/120: topology=balanced seed=14
2026-08-25 03:34:43,990 | INFO | Primary dataset 76/120: topology=balanced seed=15
2026-08-25 03:35:25,331 | INFO | Primary dataset 77/120: topology=balanced seed=16
2026-08-25 03:35:41,954 | INFO | Primary dataset 78/120: topology=balanced seed=17
2026-08-25 03:36:08,141 | INFO | Primary dataset 79/120: topology=balanced seed=18
2026-08-25 03:36:41,743 | INFO | Primary dataset 80/120: topology=balanced seed=19
2026-08-25 03:37:01,949 | INFO | Primary dataset 81/120: topology=balanced seed=20
2026-08-25 03:37:23,641 | INFO | Primary dataset 82/120: topology=balanced seed=21
2026-08-25 03:37:52,758 | INFO | Primary dataset 83/120: topology=balanced seed=22
2026-08-25 03:38:45,485 | INFO | Primary dataset 84/120: topology=balanced seed=23
2026-08-25 03:39:12,710 | INFO | Primary dataset 85/120: topology=balanced seed=24
2026-08-25 03:39:31,612 | INFO | Primary dataset 86/120: topology=balanced seed=25
2026-08-25 03:40:17,284 | INFO | Primary dataset 87/120: topology=balanced seed=26
2026-08-25 03:40:53,333 | INFO | Primary dataset 88/120: topology=balanced seed=27
2026-08-25 03:41:18,250 | INFO | Primary dataset 89/120: topology=balanced seed=28
2026-08-25 03:41:52,353 | INFO | Primary dataset 90/120: topology=balanced seed=29
2026-08-25 03:42:04,304 | INFO | Primary dataset 91/120: topology=star seed=0
2026-08-25 03:42:14,801 | INFO | Primary dataset 92/120: topology=star seed=1
2026-08-25 03:42:30,910 | INFO | Primary dataset 93/120: topology=star seed=2
2026-08-25 03:42:39,830 | INFO | Primary dataset 94/120: topology=star seed=3
2026-08-25 03:43:04,040 | INFO | Primary dataset 95/120: topology=star seed=4
2026-08-25 03:43:20,470 | INFO | Primary dataset 96/120: topology=star seed=5
2026-08-25 03:43:45,882 | INFO | Primary dataset 97/120: topology=star seed=6
2026-08-25 03:44:03,941 | INFO | Primary dataset 98/120: topology=star seed=7
2026-08-25 03:44:18,501 | INFO | Primary dataset 99/120: topology=star seed=8
2026-08-25 03:44:35,849 | INFO | Primary dataset 100/120: topology=star seed=9
2026-08-25 03:44:59,188 | INFO | Primary dataset 101/120: topology=star seed=10
2026-08-25 03:45:16,567 | INFO | Primary dataset 102/120: topology=star seed=11
2026-08-25 03:45:33,659 | INFO | Primary dataset 103/120: topology=star seed=12
2026-08-25 03:45:44,549 | INFO | Primary dataset 104/120: topology=star seed=13
2026-08-25 03:46:02,305 | INFO | Primary dataset 105/120: topology=star seed=14
2026-08-25 03:46:20,831 | INFO | Primary dataset 106/120: topology=star seed=15
2026-08-25 03:46:28,402 | INFO | Primary dataset 107/120: topology=star seed=16
2026-08-25 03:46:35,318 | INFO | Primary dataset 108/120: topology=star seed=17
2026-08-25 03:46:44,378 | INFO | Primary dataset 109/120: topology=star seed=18
2026-08-25 03:46:55,749 | INFO | Primary dataset 110/120: topology=star seed=19
2026-08-25 03:47:09,661 | INFO | Primary dataset 111/120: topology=star seed=20
2026-08-25 03:47:20,971 | INFO | Primary dataset 112/120: topology=star seed=21
2026-08-25 03:47:31,349 | INFO | Primary dataset 113/120: topology=star seed=22
2026-08-25 03:47:45,888 | INFO | Primary dataset 114/120: topology=star seed=23
2026-08-25 03:47:55,889 | INFO | Primary dataset 115/120: topology=star seed=24
2026-08-25 03:48:05,556 | INFO | Primary dataset 116/120: topology=star seed=25
2026-08-25 03:48:17,079 | INFO | Primary dataset 117/120: topology=star seed=26
2026-08-25 03:48:30,021 | INFO | Primary dataset 118/120: topology=star seed=27
2026-08-25 03:48:54,025 | INFO | Primary dataset 119/120: topology=star seed=28
2026-08-25 03:49:06,172 | INFO | Primary dataset 120/120: topology=star seed=29
2026-08-25 03:49:12,242 | INFO | Wrote 1680 rows to results\a1\raw\a1_primary_results.csv
